// Jest Snapshot v1, https://goo.gl/fbAQLP

exports[`VExpansionPanel should hide actions and match snapshot 1`] = `

<div aria-expanded="false"
     class="v-expansion-panel"
     hideactions="true"
>
</div>

`;

exports[`VExpansionPanel should hide actions and match snapshot 2`] = `

<div aria-expanded="false"
     class="v-expansion-panel"
     hideactions="true"
>
</div>

`;
